(module
 (type $FUNCSIG$v (func))
 (memory $0 256 256)
 (data (i32.const 10) "waka waka xaka waka waka\00\00\00\00\00\00C")
 (import "env" "tableBase" (global $tableBase i32))
 (import "env" "_abort" (func $_abort))
 (func $call-indirect (; 1 ;) (type $FUNCSIG$v)
  (i32.store8
   (i32.const 40)
   (i32.const 67)
  )
 )
)
